[waffy-demo.myshopify.com/index.html]
[cdn.shopify.com/s/files/1/0012/3011/0804/t/5/assets/favicon2819.png]
[backblue.gif]
[fade.gif]
[index.html]
[cdn.shopify.com/s/files/1/0012/3011/0804/t/5/assets/logo2966.png]
[cdn.shopify.com/s/files/1/0012/3011/0804/t/5/assets/frame.scss0d04.css]
[cdn.shopify.com/s/files/1/0012/3011/0804/t/5/assets/styled519.css]
[cdn.shopify.com/s/files/1/0012/3011/0804/t/5/assets/slick-theme47e2.css]
[cdn.shopify.com/s/files/1/0012/3011/0804/t/5/assets/animatea14e.css]
[cdn.shopify.com/s/files/1/0012/3011/0804/t/5/assets/font-all.minfaed.css]
[waffy-demo.myshopify.com/POST.9.delayed]
[cdn.shopify.com/s/javascripts/tricorder/trekkie.storefront.mindd82.js]
[cdn.shopify.com/shopifycloud/boomerang/shopify-boomerang-1.0.0.min.js]
[cdn.shopify.com/s/assets/shop_events_listener-d81deda6557a113fbcc6a993184828adcef6f241e4ca52b6a21169cb03169317.js]
[cdn.shopify.com/shopifycloud/storefront-recaptcha-v3/v0.1/index.js]
[cdn.shopify.com/s/assets/storefront/load_feature-24ff1222c9aa13bb217653c0d3ea28c40a796a280e6da29ad421eec2a6075c86.js]
[cdn.shopify.com/s/assets/storefront/features-87e8399988880142f2c62771b9d8f2ff6c290b3ff745dd426eb0dfe0db9d1dae.js]
[cdn.shopify.com/s/files/1/0012/3011/0804/t/5/compiled_assets/scripts6d9c.js]
[cdn.shopify.com/s/files/1/0012/3011/0804/t/5/assets/jquery.lazy.min7daa.js]
[cdn.shopify.com/s/files/1/0012/3011/0804/t/5/assets/loadinga062.gif]
[waffy-demo.myshopify.com/collections.html]
[waffy-demo.myshopify.com/collections/spicy-seeds.html]
[cdn.shopify.com/s/files/1/0012/3011/0804/t/5/assets/headerbb1a.js]
[waffy-demo.myshopify.com/products/fenugreek-dal.html]
[waffy-demo.myshopify.com/products/cubeb-pepper.html]
[waffy-demo.myshopify.com/products/white-mustard-1-kg.html]
[waffy-demo.myshopify.com/products/green-peppercorn.html]
[waffy-demo.myshopify.com/products/pimento-250-gm.html]
[waffy-demo.myshopify.com/products/saffron-500-gm.html]
[waffy-demo.myshopify.com/products/barberry.html]
[waffy-demo.myshopify.com/products/cardamom.html]
[waffy-demo.myshopify.com/products/black-mustard.html]
[waffy-demo.myshopify.com/products/pippali-pepper.html]
[waffy-demo.myshopify.com/products/red-paprika.html]
[waffy-demo.myshopify.com/products/coriander-1-kg.html]
[waffy-demo.myshopify.com/products/black-cardamom.html]
[waffy-demo.myshopify.com/products/dill-seeds-250-gm.html]
[cdn.shopify.com/s/files/1/0012/3011/0804/products/3_large8d51.jpg]
[waffy-demo.myshopify.com/products/sesame-seeds.html]
[cdn.shopify.com/s/files/1/0012/3011/0804/files/menu1_2000x6e79.jpg]
[waffy-demo.myshopify.com/collections/all.html]
[waffy-demo.myshopify.com/collections/roaster-seeds.html]
[waffy-demo.myshopify.com/collections/dried-masalas.html]
[cdn.shopify.com/s/files/1/0012/3011/0804/files/menu2_2000x132b.jpg]
[cdn.shopify.com/s/files/1/0012/3011/0804/files/menu3_2000xee31.jpg]
[cdn.shopify.com/s/files/1/0012/3011/0804/files/menu4_2000x971d.jpg]
[cdn.shopify.com/s/files/1/0012/3011/0804/files/menu6_2000x6884.jpg]
[cdn.shopify.com/s/files/1/0012/3011/0804/files/menu7_2000x0018.jpg]
[cdn.shopify.com/s/files/1/0012/3011/0804/files/menu5_2000xb18d.jpg]
[waffy-demo.myshopify.com/pages/about-us.html]
[waffy-demo.myshopify.com/pages/contact-us.html]
[waffy-demo.myshopify.com/blogs/news.html]
[waffy-demo.myshopify.com/search.html]
[waffy-demo.myshopify.com/cart.html]
[waffy-demo.myshopify.com/account/login.html]
[waffy-demo.myshopify.com/account/register.html]
[waffy-demo.myshopify.com/pages/wishlist.html]
[cdn.shopify.com/s/files/1/0012/3011/0804/files/slider1_2000x57e8.jpg]
[cdn.shopify.com/s/files/1/0012/3011/0804/files/tab-slider3_3b36583c-b29a-434b-af23-7892913ffab2_968x96d3.jpg]
[cdn.shopify.com/s/files/1/0012/3011/0804/files/slider2_2000xb418.jpg]
[cdn.shopify.com/s/files/1/0012/3011/0804/files/tab-slider2_206e8708-9b6f-4b18-bc8a-4db3ec5ebd6e_968x1d81.jpg]
[cdn.shopify.com/s/files/1/0012/3011/0804/files/slider3_2000x7331.jpg]
[cdn.shopify.com/s/files/1/0012/3011/0804/files/tab-slider1_968xe89c.jpg]
[cdn.shopify.com/s/files/1/0012/3011/0804/t/5/assets/swiperd39e.js]
[cdn.shopify.com/s/files/1/0012/3011/0804/t/5/assets/swiper8255.css]
[cdn.shopify.com/s/files/1/0012/3011/0804/files/product-section-bg-img_1920Xe353.jpg]
[waffy-demo.myshopify.com/collections/roaster-seeds/products/black-sesame-seeds.html]
[cdn.shopify.com/s/files/1/0012/3011/0804/products/39_400x7522.jpg]
[cdn.shopify.com/s/files/1/0012/3011/0804/products/15_2db1577d-020f-401c-9b84-4e18c1cb3916_400x445d.jpg]
[waffy-demo.myshopify.com/black-sesame-seeds.46.delayed]
[cdn.shopify.com/s/files/1/0012/3011/0804/products/9_400xae73.jpg]
[waffy-demo.myshopify.com/collections/roaster-seeds/products/black-cardamom.html]
[cdn.shopify.com/s/files/1/0012/3011/0804/products/10_400xd824.jpg]
[waffy-demo.myshopify.com/black-cardamom.4a.delayed]
[cdn.shopify.com/s/files/1/0012/3011/0804/products/43_400x4dce.jpg]
[waffy-demo.myshopify.com/collections/roaster-seeds/products/dried-ginger.html]
[cdn.shopify.com/s/files/1/0012/3011/0804/products/44_400x7b09.jpg]
[waffy-demo.myshopify.com/dried-ginger]
[cdn.shopify.com/s/files/1/0012/3011/0804/products/29_400x5f6d.jpg]
[cdn.shopify.com/s/files/1/0012/3011/0804/products/30_400xa0cd.jpg]
[waffy-demo.myshopify.com/collections/roaster-seeds/products/cubeb-pepper.html]
[waffy-demo.myshopify.com/cubeb-pepper.52.delayed]
[cdn.shopify.com/s/files/1/0012/3011/0804/products/21_400x578d.jpg]
[cdn.shopify.com/s/files/1/0012/3011/0804/products/22_400xc14b.jpg]
[waffy-demo.myshopify.com/collections/roaster-seeds/products/black-mustard.html]
[waffy-demo.myshopify.com/black-mustard]
[cdn.shopify.com/s/files/1/0012/3011/0804/products/17_400x4009.jpg]
[waffy-demo.myshopify.com/collections/roaster-seeds/products/barberry.html]
[cdn.shopify.com/s/files/1/0012/3011/0804/products/18_400x4009.jpg]
[waffy-demo.myshopify.com/barberry]
[cdn.shopify.com/s/files/1/0012/3011/0804/products/23_400xd234.jpg]
[waffy-demo.myshopify.com/collections/roaster-seeds/products/cinnamon.html]
[cdn.shopify.com/s/files/1/0012/3011/0804/products/8_f044ce3d-9623-4527-aa70-7a1ab0fe6923_400xd234.jpg]
[waffy-demo.myshopify.com/cinnamon]
[cdn.shopify.com/s/files/1/0012/3011/0804/products/15_400x3e90.jpg]
[waffy-demo.myshopify.com/collections/roaster-seeds/products/dill-seeds-250-gm.html]
[cdn.shopify.com/s/files/1/0012/3011/0804/products/16_400x3e90.jpg]
[waffy-demo.myshopify.com/dill-seeds-250-gm]
[cdn.shopify.com/s/files/1/0012/3011/0804/products/49_400x56b6.jpg]
[waffy-demo.myshopify.com/collections/roaster-seeds/products/clove-250-gm.html]
[cdn.shopify.com/s/files/1/0012/3011/0804/products/50_400xd198.jpg]
[waffy-demo.myshopify.com/clove-250-gm]
[waffy-demo.myshopify.com/collections/roaster-seeds/products/coriander-1-kg.html]
[cdn.shopify.com/s/files/1/0012/3011/0804/products/7_400x499d.jpg]
[cdn.shopify.com/s/files/1/0012/3011/0804/products/8_400xaab5.jpg]
[waffy-demo.myshopify.com/coriander-1-kg]
[cdn.shopify.com/s/files/1/0012/3011/0804/products/11_400x5c7c.jpg]
[waffy-demo.myshopify.com/collections/roaster-seeds/products/cardamom.html]
[cdn.shopify.com/s/files/1/0012/3011/0804/products/12_400x79c0.jpg]
[waffy-demo.myshopify.com/cardamom]
[waffy-demo.myshopify.com/collections/roaster-seeds/products/dried-rosemary.html]
[cdn.shopify.com/s/files/1/0012/3011/0804/products/47_400x6f85.jpg]
[cdn.shopify.com/s/files/1/0012/3011/0804/products/48_400x4531.jpg]
[waffy-demo.myshopify.com/dried-rosemary]
[cdn.shopify.com/s/files/1/0012/3011/0804/products/25_400xd8e1.jpg]
[waffy-demo.myshopify.com/collections/medicine-seeds/products/pippali-pepper.html]
[cdn.shopify.com/s/files/1/0012/3011/0804/products/26_400xd8e1.jpg]
[waffy-demo.myshopify.com/pippali-pepper]
[cdn.shopify.com/s/files/1/0012/3011/0804/products/33_400x2f1f.jpg]
[waffy-demo.myshopify.com/collections/medicine-seeds/products/rosehip-berries.html]
[cdn.shopify.com/s/files/1/0012/3011/0804/products/34_400x4002.jpg]
[waffy-demo.myshopify.com/rosehip-berries]
[cdn.shopify.com/s/files/1/0012/3011/0804/products/45_400xef1e.jpg]
[waffy-demo.myshopify.com/collections/medicine-seeds/products/red-chilli-pepper.html]
[cdn.shopify.com/s/files/1/0012/3011/0804/products/46_400xef1e.jpg]
[waffy-demo.myshopify.com/red-chilli-pepper]
[cdn.shopify.com/s/files/1/0012/3011/0804/products/41_400xdb30.jpg]
[waffy-demo.myshopify.com/collections/medicine-seeds/products/star-anise-250-gm.html]
[cdn.shopify.com/s/files/1/0012/3011/0804/products/42_400xf350.jpg]
[waffy-demo.myshopify.com/star-anise-250-gm]
[cdn.shopify.com/s/files/1/0012/3011/0804/products/19_400x58d8.jpg]
[waffy-demo.myshopify.com/collections/medicine-seeds/products/green-peppercorn.html]
[cdn.shopify.com/s/files/1/0012/3011/0804/products/20_400x58d8.jpg]
[waffy-demo.myshopify.com/green-peppercorn]
[waffy-demo.myshopify.com/collections/medicine-seeds/products/saffron-500-gm.html]
[cdn.shopify.com/s/files/1/0012/3011/0804/products/3_400x8d51.jpg]
[cdn.shopify.com/s/files/1/0012/3011/0804/products/4_400xdf4b.jpg]
[waffy-demo.myshopify.com/saffron-500-gm]
[waffy-demo.myshopify.com/collections/medicine-seeds/products/black-sesame-seeds.html]
[cdn.shopify.com/s/files/1/0012/3011/0804/products/37_400x30c6.jpg]
[cdn.shopify.com/s/files/1/0012/3011/0804/products/38_400x5646.jpg]
[waffy-demo.myshopify.com/collections/medicine-seeds/products/fennel-seeds.html]
[waffy-demo.myshopify.com/fennel-seeds]
[waffy-demo.myshopify.com/collections/medicine-seeds/products/cubeb-pepper.html]
[waffy-demo.myshopify.com/collections/medicine-seeds/products/black-mustard.html]
[cdn.shopify.com/s/files/1/0012/3011/0804/products/13_400x5ae6.jpg]
[waffy-demo.myshopify.com/collections/medicine-seeds/products/white-mustard-1-kg.html]
[cdn.shopify.com/s/files/1/0012/3011/0804/products/14_400x4609.jpg]
[waffy-demo.myshopify.com/white-mustard-1-kg]
[waffy-demo.myshopify.com/collections/medicine-seeds/products/barberry.html]
[cdn.shopify.com/s/files/1/0012/3011/0804/products/1_400xa0bc.jpg]
[waffy-demo.myshopify.com/collections/medicine-seeds/products/fenugreek-dal.html]
[cdn.shopify.com/s/files/1/0012/3011/0804/products/2_400xc689.jpg]
[waffy-demo.myshopify.com/fenugreek-dal]
[cdn.shopify.com/s/files/1/0012/3011/0804/products/5_400x7612.jpg]
[waffy-demo.myshopify.com/collections/medicine-seeds/products/pimento-250-gm.html]
[cdn.shopify.com/s/files/1/0012/3011/0804/products/6_400x7612.jpg]
[waffy-demo.myshopify.com/pimento-250-gm]
[cdn.shopify.com/s/files/1/0012/3011/0804/products/31_400x8fff.jpg]
[waffy-demo.myshopify.com/collections/medicine-seeds/products/nutmeg-250-gm.html]
[cdn.shopify.com/s/files/1/0012/3011/0804/products/32_400x8fff.jpg]
[waffy-demo.myshopify.com/nutmeg-250-gm]
[waffy-demo.myshopify.com/collections/medicine-seeds/products/sesame-seeds.html]
[cdn.shopify.com/s/files/1/0012/3011/0804/products/35_400x7476.jpg]
[cdn.shopify.com/s/files/1/0012/3011/0804/products/36_400x7476.jpg]
[waffy-demo.myshopify.com/sesame-seeds]
[cdn.shopify.com/s/files/1/0012/3011/0804/products/27_400x66f7.jpg]
[waffy-demo.myshopify.com/collections/medicine-seeds/products/red-paprika.html]
[cdn.shopify.com/s/files/1/0012/3011/0804/products/28_400x66f7.jpg]
[waffy-demo.myshopify.com/red-paprika]
[waffy-demo.myshopify.com/collections/medicine-seeds/products/dill-seeds-250-gm.html]
[cdn.shopify.com/s/files/1/0012/3011/0804/files/heading-imgab04.png]
[waffy-demo.myshopify.com/collections/medicine-seeds/products/coriander-1-kg.html]
[cdn.shopify.com/s/files/1/0012/3011/0804/files/category-img1_768X3465.jpg]
[waffy-demo.myshopify.com/products/rosehip-berries.html]
[cdn.shopify.com/s/files/1/0012/3011/0804/files/5_4e38f59d-7f13-4178-bea4-585b14340754_1920Xa13c.jpg]
[cdn.shopify.com/s/files/1/0012/3011/0804/files/1_edbd9eee-ab29-41f6-b777-2a285383f3b4_905X2506.jpg]
[cdn.shopify.com/s/files/1/0012/3011/0804/files/2_f76de8c0-48d4-4d64-8892-2645d4145b1e_905X17fe.jpg]
[cdn.shopify.com/s/files/1/0012/3011/0804/files/6_66c47675-9f17-4bde-bcad-325e3f5e6eb3_568X381c.jpg]
[cdn.shopify.com/s/files/1/0012/3011/0804/files/7_568Xc6be.jpg]
[cdn.shopify.com/s/files/1/0012/3011/0804/files/3_d4e70a64-88ff-46a6-b7a4-4fc892ef41cd_905X7a35.jpg]
[cdn.shopify.com/s/files/1/0012/3011/0804/files/4_06f06a3e-4ff5-4790-ae6b-18e1a17b9df4_905X8389.jpg]
[cdn.shopify.com/s/files/1/0012/3011/0804/files/8_568Xe63d.jpg]
[cdn.shopify.com/s/files/1/0012/3011/0804/files/category-img2_768Xd73e.jpg]
[cdn.shopify.com/s/files/1/0012/3011/0804/files/1_420x4209645.jpg]
[waffy-demo.myshopify.com/facebook.ba.delayed]
[waffy-demo.myshopify.com/Twitter]
[waffy-demo.myshopify.com/Google Plus]
[waffy-demo.myshopify.com/Instagram]
[cdn.shopify.com/s/files/1/0012/3011/0804/files/2_420x4203982.jpg]
[cdn.shopify.com/s/files/1/0012/3011/0804/files/3_420x420a115.jpg]
[cdn.shopify.com/s/files/1/0012/3011/0804/files/4_420x4201fb9.jpg]
[cdn.shopify.com/s/files/1/0012/3011/0804/files/img1_768X9a2f.jpg]
[cdn.shopify.com/s/files/1/0012/3011/0804/files/img2_768X66ed.jpg]
[cdn.shopify.com/s/files/1/0012/3011/0804/files/img3_768X6145.jpg]
[cdn.shopify.com/s/files/1/0012/3011/0804/files/1_683adcaf-e0c6-4593-9251-a13fbf5b3426_800X13e7.jpg]
[cdn.shopify.com/s/files/1/0012/3011/0804/files/2_b06c86af-977d-4e56-9eb8-6e84a21b7f47_800X7454.jpg]
[cdn.shopify.com/s/files/1/0012/3011/0804/files/3_f478f2fb-3156-4bfe-bd47-481177f4ef9c_800X662c.jpg]
[cdn.shopify.com/s/files/1/0012/3011/0804/files/4_f7876c53-7f18-4ed6-bd52-811252e606fe_800Xaa91.jpg]
[cdn.shopify.com/s/files/1/0012/3011/0804/files/5_800X0fb5.jpg]
[cdn.shopify.com/s/files/1/0012/3011/0804/files/6_800X5ba1.jpg]
[waffy-demo.myshopify.com/blogs/news/black-pepper-powder.html]
[cdn.shopify.com/s/files/1/0012/3011/0804/articles/107090.jpg]
[waffy-demo.myshopify.com/blogs/news/the-full-piece-of-cardamom.html]
[cdn.shopify.com/s/files/1/0012/3011/0804/articles/9b8ea.jpg]
[waffy-demo.myshopify.com/blogs/news/various-spices-powder.html]
[cdn.shopify.com/s/files/1/0012/3011/0804/articles/88bdc.jpg]
[waffy-demo.myshopify.com/blogs/news/collection-of-gorcery-items.html]
[cdn.shopify.com/s/files/1/0012/3011/0804/articles/7955c.jpg]
[waffy-demo.myshopify.com/blogs/news/usual-three-flavour-masalas.html]
[cdn.shopify.com/s/files/1/0012/3011/0804/articles/60686.jpg]
[waffy-demo.myshopify.com/blogs/news/glass-container-for-masalas.html]
[cdn.shopify.com/s/files/1/0012/3011/0804/articles/541d3.jpg]
[waffy-demo.myshopify.com/blogs/news/herbal-chat-garam.html]
[cdn.shopify.com/s/files/1/0012/3011/0804/articles/3_1e880a5c-f8c3-408f-93cc-fb61191130d612d3.jpg]
[waffy-demo.myshopify.com/blogs/news/set-of-spicy-masalas.html]
[cdn.shopify.com/s/files/1/0012/3011/0804/articles/2f964.jpg]
[waffy-demo.myshopify.com/blogs/news/tablespoon-of-masalas.html]
[cdn.shopify.com/s/files/1/0012/3011/0804/articles/1_96b63944-b272-4fe4-b6c6-cad1165ab88b6683.jpg]
[waffy-demo.myshopify.com/blogs/news/the-set-of-flavour-masalas.html]
[cdn.shopify.com/s/files/1/0012/3011/0804/articles/4cbdf.jpg]
[cdn.shopify.com/s/files/1/0012/3011/0804/files/category1_768X68f5.jpg]
[cdn.shopify.com/s/files/1/0012/3011/0804/files/category2_768X7327.jpg]
[cdn.shopify.com/s/files/1/0012/3011/0804/files/category3_768X9d20.jpg]
[cdn.shopify.com/s/files/1/0012/3011/0804/files/category4_768X5f51.jpg]
[cdn.shopify.com/s/files/1/0012/3011/0804/files/footeree61.jpg]
[waffy-demo.myshopify.com/pages/faqs.html]
[waffy-demo.myshopify.com/pages/shipping-details.html]
[cdn.shopify.com/s/files/1/0012/3011/0804/t/5/assets/timbera6ab.js]
[cdn.shopify.com/s/files/1/0012/3011/0804/t/5/assets/theme10bd.js]
[cdn.shopify.com/s/assets/themes_support/option_selection-fe6b72c2bbdd3369ac0bfefe8648e3c889efca213baefd4cfb0dd9363563831f.js]
[cdn.shopify.com/s/assets/themes_support/api.jquery-e94e010e92e659b566dbc436fdfe5242764380e00398907a14955ba301a4749f.js]
[cdn.shopify.com/s/javascripts/currencies.js]
[cdn.shopify.com/s/files/1/0012/3011/0804/t/5/assets/footer958d.js]
[cdn.shopify.com/s/files/1/0012/3011/0804/t/5/assets/shopb0b6.js]
[cdn.shopify.com/s/files/1/0012/3011/0804/t/5/assets/jquery.currencies.minb15e.js]
[cdn.shopify.com/s/files/1/0012/3011/0804/t/5/assets/wow6fc4.js]
[cdn.shopify.com/s/files/1/0012/3011/0804/t/5/assets/uisearch8a32.js]
[cdn.shopify.com/s/files/1/0012/3011/0804/t/5/assets/magnific-popupc2a6.js]
[waffy-demo.myshopify.com/index.html]
[cdn.shopify.com/s/files/1/0012/3011/0804/t/5/assets/ico-selectf30c.svg]
[cdn.shopify.com/s/files/1/0012/3011/0804/t/5/assets/iconsd973.eot]
[cdn.shopify.com/s/files/1/0012/3011/0804/t/5/assets/iconsd973.woff]
[cdn.shopify.com/s/files/1/0012/3011/0804/t/5/assets/iconsd973.ttf]
[cdn.shopify.com/s/files/1/0012/3011/0804/t/5/assets/icons0672.svg]
[cdn.shopify.com/s/files/1/0012/3011/0804/t/5/assets/contact_bg_imgd973.png]
[cdn.shopify.com/s/files/1/0012/3011/0804/t/5/assets/frame.scss0d04.css]
[cdn.shopify.com/s/files/1/0012/3011/0804/t/5/assets/owl.video.play.png]
[cdn.shopify.com/s/files/1/0012/3011/0804/t/5/assets/controlsce7f.png]
[cdn.shopify.com/s/files/1/0012/3011/0804/t/5/assets/loading.gif]
[cdn.shopify.com/s/files/1/0012/3011/0804/t/5/assets/fancybox.png]
[cdn.shopify.com/s/files/1/0012/3011/0804/t/5/assets/fancybox-x.png]
[cdn.shopify.com/s/files/1/0012/3011/0804/t/5/assets/Preloader_2f0dd.gif]
[cdn.shopify.com/s/files/1/0012/3011/0804/t/5/assets/styled519.css]
[cdn.shopify.com/s/files/1/0012/3011/0804/t/5/assets/ajax-loaderf0dd.gif]
[cdn.shopify.com/s/files/1/0012/3011/0804/t/5/assets/slick.eot]
[cdn.shopify.com/s/files/1/0012/3011/0804/t/5/assets/slickd41d.eot]
[cdn.shopify.com/s/files/1/0012/3011/0804/t/5/assets/slick.woff]
[cdn.shopify.com/s/files/1/0012/3011/0804/t/5/assets/slick.ttf]
[cdn.shopify.com/s/files/1/0012/3011/0804/t/5/assets/slick.svg]
[cdn.shopify.com/s/files/1/0012/3011/0804/t/5/assets/slick-theme47e2.css]
[cdn.shopify.com/s/files/1/0012/3011/0804/t/5/assets/animatea14e.css]
[cdn.shopify.com/s/files/1/0012/3011/0804/t/5/assets/slick-slidere6ea.css]
[cdn.shopify.com/s/files/1/0012/3011/0804/t/5/assets/slick.scss4413.css]
[cdn.shopify.com/s/files/1/0012/3011/0804/t/5/assets/fa-brands-400.woff2]
[cdn.shopify.com/s/files/1/0012/3011/0804/t/5/assets/fa-brands-400.woff]
[cdn.shopify.com/s/files/1/0012/3011/0804/t/5/assets/fa-brands-400.ttf]
[cdn.shopify.com/s/files/1/0012/3011/0804/t/5/assets/fa-brands-400d41d.eot]
[cdn.shopify.com/s/files/1/0012/3011/0804/t/5/assets/fa-brands-400.eot]
[cdn.shopify.com/s/files/1/0012/3011/0804/t/5/assets/fa-regular-400.woff2]
[cdn.shopify.com/s/files/1/0012/3011/0804/t/5/assets/fa-regular-400.eot]
[cdn.shopify.com/s/files/1/0012/3011/0804/t/5/assets/fa-regular-400.woff]
[cdn.shopify.com/s/files/1/0012/3011/0804/t/5/assets/fa-regular-400d41d.eot]
[cdn.shopify.com/s/files/1/0012/3011/0804/t/5/assets/fa-regular-400.ttf]
[cdn.shopify.com/s/files/1/0012/3011/0804/t/5/assets/fa-regular-400.svg]
[cdn.shopify.com/s/files/1/0012/3011/0804/t/5/assets/fa-solid-900.woff2]
[cdn.shopify.com/s/files/1/0012/3011/0804/t/5/assets/fa-brands-400.svg]
[cdn.shopify.com/s/files/1/0012/3011/0804/t/5/assets/fa-solid-900.woff]
[cdn.shopify.com/s/files/1/0012/3011/0804/t/5/assets/fa-solid-900.ttf]
[cdn.shopify.com/s/files/1/0012/3011/0804/t/5/assets/fa-solid-900d41d.eot]
[cdn.shopify.com/s/files/1/0012/3011/0804/t/5/assets/fa-solid-900.svg]
[cdn.shopify.com/s/files/1/0012/3011/0804/t/5/assets/font-all.minfaed.css]
[waffy-demo.myshopify.com/POST.html]
[cdn.shopify.com/s/files/1/0012/3011/0804/files/header-img81bd.jpg]
[cdn.shopify.com/s/files/1/0012/3011/0804/products/39_grande7522.jpg]
[cdn.shopify.com/s/files/1/0012/3011/0804/t/5/assets/fa-solid-900.eot]
[waffy-demo.myshopify.com/collections/medicine-seeds.html]
[cdn.shopify.com/s/files/1/0012/3011/0804/products/25_granded8e1.jpg]
[cdn.shopify.com/s/files/1/0012/3011/0804/products/43_grande4dce.jpg]
[cdn.shopify.com/s/files/1/0012/3011/0804/products/33_grande2f1f.jpg]
[waffy-demo.myshopify.com/collections.html]
[waffy-demo.myshopify.com/collections/spicy-seeds.atom]
[waffy-demo.myshopify.com/collections/spicy-seeds.oembed]
[waffy-demo.myshopify.com/collections/POST]
[cdn.shopify.com/s/files/1/0012/3011/0804/t/5/compiled_assets/styles6d9c.css]
[waffy-demo.myshopify.com/collections/spicy-seeds/products/saffron-500-gm.html]
[cdn.shopify.com/s/files/1/0012/3011/0804/products/25d8e1.jpg]
[waffy-demo.myshopify.com/collections/spicy-seeds/products/pippali-pepper.html]
[cdn.shopify.com/s/files/1/0012/3011/0804/products/332f1f.jpg]
[waffy-demo.myshopify.com/collections/spicy-seeds/products/rosehip-berries.html]
[cdn.shopify.com/s/files/1/0012/3011/0804/products/45ef1e.jpg]
[waffy-demo.myshopify.com/collections/spicy-seeds/products/red-chilli-pepper.html]
[waffy-demo.myshopify.com/products/star-anise-250-gm.html]
[cdn.shopify.com/s/files/1/0012/3011/0804/products/41db30.jpg]
[cdn.shopify.com/s/files/1/0012/3011/0804/products/1958d8.jpg]
[cdn.shopify.com/s/files/1/0012/3011/0804/products/38d51.jpg]
[waffy-demo.myshopify.com/products/black-sesame-seeds.html]
[cdn.shopify.com/s/files/1/0012/3011/0804/products/397522.jpg]
[waffy-demo.myshopify.com/collections/spicy-seeds/products/fennel-seeds.html]
[cdn.shopify.com/s/files/1/0012/3011/0804/products/3730c6.jpg]
[cdn.shopify.com/s/files/1/0012/3011/0804/products/295f6d.jpg]
[cdn.shopify.com/s/files/1/0012/3011/0804/products/21578d.jpg]
[waffy-demo.myshopify.com/collections/spicy-seeds/products/white-mustard-1-kg.html]
[cdn.shopify.com/s/files/1/0012/3011/0804/products/135ae6.jpg]
[cdn.shopify.com/s/files/1/0012/3011/0804/products/174009.jpg]
[waffy-demo.myshopify.com/collections/spicy-seeds/products/barberry.html]
[cdn.shopify.com/s/files/1/0012/3011/0804/products/1a0bc.jpg]
[waffy-demo.myshopify.com/collections/spicy-seeds/products/pimento-250-gm.html]
[cdn.shopify.com/s/files/1/0012/3011/0804/products/57612.jpg]
[cdn.shopify.com/s/files/1/0012/3011/0804/products/318fff.jpg]
[waffy-demo.myshopify.com/collections/spicy-seeds/products/nutmeg-250-gm.html]
[waffy-demo.myshopify.com/collections/spicy-seeds/products/sesame-seeds.html]
[cdn.shopify.com/s/files/1/0012/3011/0804/products/357476.jpg]
[waffy-demo.myshopify.com/collections/spicy-seeds/products/red-paprika.html]
[cdn.shopify.com/s/files/1/0012/3011/0804/products/2766f7.jpg]
[cdn.shopify.com/s/files/1/0012/3011/0804/products/153e90.jpg]
[waffy-demo.myshopify.com/collections/spicy-seeds/products/dill-seeds-250-gm.html]
[waffy-demo.myshopify.com/collections/spicy-seeds/products/coriander-1-kg.html]
[cdn.shopify.com/s/files/1/0012/3011/0804/products/7499d.jpg]
[waffy-demo.myshopify.com/collections/grid]
[waffy-demo.myshopify.com/collections/list]
[waffy-demo.myshopify.com/collections/manual]
[waffy-demo.myshopify.com/collections/price-ascending]
[waffy-demo.myshopify.com/collections/price-descending]
[waffy-demo.myshopify.com/collections/title-ascending]
[waffy-demo.myshopify.com/collections/title-descending]
[waffy-demo.myshopify.com/collections/created-ascending]
[waffy-demo.myshopify.com/collections/created-descending]
[waffy-demo.myshopify.com/collections/best-selling]
[waffy-demo.myshopify.com/collections/rosehip-berries]
[waffy-demo.myshopify.com/collections/fennel-seeds]
[waffy-demo.myshopify.com/collections/spicy-seeds/products/black-cardamom.html]
[waffy-demo.myshopify.com/collections/black-cardamom.154.delayed]
[waffy-demo.myshopify.com/collections/red-chilli-pepper]
[waffy-demo.myshopify.com/collections/spicy-seeds/products/cardamom.html]
[waffy-demo.myshopify.com/collections/cardamom]
[waffy-demo.myshopify.com/collections/white-mustard-1-kg]
[waffy-demo.myshopify.com/collections/pimento-250-gm]
[waffy-demo.myshopify.com/collections/pippali-pepper]
[waffy-demo.myshopify.com/collections/nutmeg-250-gm]
[waffy-demo.myshopify.com/collections/barberry]
[waffy-demo.myshopify.com/collections/saffron-500-gm]
[waffy-demo.myshopify.com/collections/sesame-seeds]
[waffy-demo.myshopify.com/collections/red-paprika]
[waffy-demo.myshopify.com/collections/dill-seeds-250-gm]
[waffy-demo.myshopify.com/collections/spicy-seeds/products/clove-250-gm.html]
[waffy-demo.myshopify.com/collections/clove-250-gm.162.delayed]
[waffy-demo.myshopify.com/collections/coriander-1-kg]
[waffy-demo.myshopify.com/collections/spicy-seeds/products/dried-rosemary.html]
[waffy-demo.myshopify.com/collections/dried-rosemary]
[waffy-demo.myshopify.com/collections/spicy-seeds.html]
[cdn.shopify.com/s/files/1/0012/3011/0804/products/1_grandea0bc.jpg]
[cdn.shopify.com/s/files/1/0012/3011/0804/products/2_grandec689.jpg]
[cdn.shopify.com/s/files/1/0012/3011/0804/products/1_mediuma0bc.jpg]
[waffy-demo.myshopify.com/products/fenugreek-dal.oembed]
[waffy-demo.myshopify.com/products/POST]
[ws.sharethis.com/button/buttons.js]
[cdn.shopify.com/s/files/1/0012/3011/0804/products/9ae73.jpg]
[waffy-demo.myshopify.com/products/fennel-seeds.html]
[cdn.shopify.com/s/files/1/0012/3011/0804/products/43_small4dce.jpg]
[waffy-demo.myshopify.com/products/red-chilli-pepper.html]
[waffy-demo.myshopify.com/products/dried-ginger.html]
[cdn.shopify.com/s/files/1/0012/3011/0804/products/5_small7612.jpg]
[cdn.shopify.com/s/files/1/0012/3011/0804/products/31_small8fff.jpg]
[waffy-demo.myshopify.com/products/nutmeg-250-gm.html]
[cdn.shopify.com/s/files/1/0012/3011/0804/products/9_smallae73.jpg]
[cdn.shopify.com/s/files/1/0012/3011/0804/products/2c689.jpg]
[cdn.shopify.com/s/files/1/0012/3011/0804/products/2_mediumc689.jpg]
[cdn.shopify.com/s/files/1/0012/3011/0804/products/1_largea0bc.jpg]
[cdn.shopify.com/s/files/1/0012/3011/0804/products/2_largec689.jpg]
[cdn.shopify.com/s/files/1/0012/3011/0804/t/5/assets/soldout0c13.png]
[cdn.shopify.com/s/files/1/0012/3011/0804/files/heading-img_mediumab04.png]
[ajax.aspnetcdn.com/ajax/jquery.templates/beta1/jquery.tmpl.min.js]
[cdn.shopify.com/s/files/1/0012/3011/0804/t/5/assets/jquery.fancybox.minfa4d.css]
[waffy-demo.myshopify.com/products/index.html]
[cdn.shopify.com/s/files/1/0012/3011/0804/t/5/assets/jquery.fancybox.min1026.js]
[cdn.shopify.com/s/files/1/0012/3011/0804/t/5/assets/sticky-kit.min5287.js]
[waffy-demo.myshopify.com/products/fenugreek-dal.html]
[cdn.shopify.com/s/files/1/0012/3011/0804/t/5/assets/social-buttonsa4c8.js]
[cdn.shopify.com/s/files/1/0012/3011/0804/products/29_grande5f6d.jpg]
[cdn.shopify.com/s/files/1/0012/3011/0804/products/30_grandea0cd.jpg]
[s7.addthis.com/js/300/addthis_widget.js]
[cdn.shopify.com/s/files/1/0012/3011/0804/products/29_medium5f6d.jpg]
[waffy-demo.myshopify.com/products/cubeb-pepper.oembed]
[cdn.shopify.com/s/files/1/0012/3011/0804/products/30a0cd.jpg]
[cdn.shopify.com/s/files/1/0012/3011/0804/products/30_mediuma0cd.jpg]
[cdn.shopify.com/s/files/1/0012/3011/0804/products/29_large5f6d.jpg]
[cdn.shopify.com/s/files/1/0012/3011/0804/products/30_largea0cd.jpg]
[waffy-demo.myshopify.com/collections/dried-masalas/products/dried-ginger.html]
[waffy-demo.myshopify.com/collections/dried-masalas/products/pimento-250-gm.html]
[waffy-demo.myshopify.com/collections/dried-masalas/products/nutmeg-250-gm.html]
[waffy-demo.myshopify.com/collections/dried-masalas/products/black-cardamom.html]
[waffy-demo.myshopify.com/collections/dried-masalas/products/red-chilli-pepper.html]
[waffy-demo.myshopify.com/collections/dried-masalas/products/white-mustard-1-kg.html]
[waffy-demo.myshopify.com/collections/dried-masalas/products/saffron-500-gm.html]
[waffy-demo.myshopify.com/collections/dried-masalas/products/pippali-pepper.html]
[waffy-demo.myshopify.com/collections/dried-masalas/products/black-sesame-seeds.html]
[waffy-demo.myshopify.com/collections/dried-masalas/products/red-paprika.html]
[waffy-demo.myshopify.com/collections/dried-masalas/products/clove-250-gm.html]
[waffy-demo.myshopify.com/products/clove-250-gm.html]
[waffy-demo.myshopify.com/collections/dried-masalas/products/star-anise-250-gm.html]
[waffy-demo.myshopify.com/collections/dried-masalas/products/coriander-1-kg.html]
[waffy-demo.myshopify.com/collections/dried-masalas/products/cardamom.html]
[waffy-demo.myshopify.com/collections/dried-masalas/products/dried-rosemary.html]
[waffy-demo.myshopify.com/products/cubeb-pepper.html]
[cdn.shopify.com/s/files/1/0012/3011/0804/products/13_grande5ae6.jpg]
[waffy-demo.myshopify.com/products/dried-rosemary.html]
[cdn.shopify.com/s/files/1/0012/3011/0804/products/14_grande4609.jpg]
[cdn.shopify.com/s/files/1/0012/3011/0804/products/13_medium5ae6.jpg]
[waffy-demo.myshopify.com/products/white-mustard-1-kg.oembed]
[cdn.shopify.com/s/files/1/0012/3011/0804/products/144609.jpg]
[cdn.shopify.com/s/files/1/0012/3011/0804/products/14_medium4609.jpg]
[cdn.shopify.com/s/files/1/0012/3011/0804/products/13_large5ae6.jpg]
[cdn.shopify.com/s/files/1/0012/3011/0804/products/14_large4609.jpg]
[waffy-demo.myshopify.com/collections/dried-masalas/products/cubeb-pepper.html]
[waffy-demo.myshopify.com/products/white-mustard-1-kg.html]
[cdn.shopify.com/s/files/1/0012/3011/0804/products/19_grande58d8.jpg]
[cdn.shopify.com/s/files/1/0012/3011/0804/products/20_grande58d8.jpg]
[cdn.shopify.com/s/files/1/0012/3011/0804/products/19_medium58d8.jpg]
[waffy-demo.myshopify.com/products/green-peppercorn.oembed]
[cdn.shopify.com/s/files/1/0012/3011/0804/products/2058d8.jpg]
[cdn.shopify.com/s/files/1/0012/3011/0804/products/20_medium58d8.jpg]
[cdn.shopify.com/s/files/1/0012/3011/0804/products/19_large58d8.jpg]
[cdn.shopify.com/s/files/1/0012/3011/0804/products/20_large58d8.jpg]
[waffy-demo.myshopify.com/products/green-peppercorn.html]
[cdn.shopify.com/s/files/1/0012/3011/0804/products/5_grande7612.jpg]
[cdn.shopify.com/s/files/1/0012/3011/0804/products/6_grande7612.jpg]
[cdn.shopify.com/s/files/1/0012/3011/0804/products/5_medium7612.jpg]
[waffy-demo.myshopify.com/products/pimento-250-gm.oembed]
[cdn.shopify.com/s/files/1/0012/3011/0804/products/67612.jpg]
[cdn.shopify.com/s/files/1/0012/3011/0804/products/6_medium7612.jpg]
[cdn.shopify.com/s/files/1/0012/3011/0804/products/5_large7612.jpg]
[cdn.shopify.com/s/files/1/0012/3011/0804/products/6_large7612.jpg]
[waffy-demo.myshopify.com/products/pimento-250-gm.html]
[cdn.shopify.com/s/files/1/0012/3011/0804/products/3_grande8d51.jpg]
[cdn.shopify.com/s/files/1/0012/3011/0804/products/4_grandedf4b.jpg]
[cdn.shopify.com/s/files/1/0012/3011/0804/products/3_medium8d51.jpg]
[waffy-demo.myshopify.com/products/saffron-500-gm.oembed]
[cdn.shopify.com/s/files/1/0012/3011/0804/products/4df4b.jpg]
[cdn.shopify.com/s/files/1/0012/3011/0804/products/4_mediumdf4b.jpg]
[cdn.shopify.com/s/files/1/0012/3011/0804/products/4_largedf4b.jpg]
[waffy-demo.myshopify.com/products/saffron-500-gm.html]
[cdn.shopify.com/s/files/1/0012/3011/0804/products/17_grande4009.jpg]
[cdn.shopify.com/s/files/1/0012/3011/0804/products/18_grande4009.jpg]
[cdn.shopify.com/s/files/1/0012/3011/0804/products/17_medium4009.jpg]
[waffy-demo.myshopify.com/products/barberry.oembed]
[cdn.shopify.com/s/files/1/0012/3011/0804/products/184009.jpg]
[cdn.shopify.com/s/files/1/0012/3011/0804/products/18_medium4009.jpg]
[cdn.shopify.com/s/files/1/0012/3011/0804/products/17_large4009.jpg]
[cdn.shopify.com/s/files/1/0012/3011/0804/products/18_large4009.jpg]
[waffy-demo.myshopify.com/products/barberry.html]
[cdn.shopify.com/s/files/1/0012/3011/0804/products/11_grande5c7c.jpg]
[cdn.shopify.com/s/files/1/0012/3011/0804/products/12_grande79c0.jpg]
[cdn.shopify.com/s/files/1/0012/3011/0804/products/11_medium5c7c.jpg]
[waffy-demo.myshopify.com/products/cardamom.oembed]
[cdn.shopify.com/s/files/1/0012/3011/0804/products/115c7c.jpg]
[cdn.shopify.com/s/files/1/0012/3011/0804/products/1279c0.jpg]
[cdn.shopify.com/s/files/1/0012/3011/0804/products/12_medium79c0.jpg]
[cdn.shopify.com/s/files/1/0012/3011/0804/products/11_large5c7c.jpg]
[cdn.shopify.com/s/files/1/0012/3011/0804/products/12_large79c0.jpg]
[waffy-demo.myshopify.com/products/cardamom.html]
[cdn.shopify.com/s/files/1/0012/3011/0804/products/21_grande578d.jpg]
[cdn.shopify.com/s/files/1/0012/3011/0804/products/22_grandec14b.jpg]
[cdn.shopify.com/s/files/1/0012/3011/0804/products/21_medium578d.jpg]
[waffy-demo.myshopify.com/products/black-mustard.oembed]
[cdn.shopify.com/s/files/1/0012/3011/0804/products/22c14b.jpg]
[cdn.shopify.com/s/files/1/0012/3011/0804/products/22_mediumc14b.jpg]
[cdn.shopify.com/s/files/1/0012/3011/0804/products/21_large578d.jpg]
[cdn.shopify.com/s/files/1/0012/3011/0804/products/22_largec14b.jpg]
[waffy-demo.myshopify.com/products/black-mustard.html]
[cdn.shopify.com/s/files/1/0012/3011/0804/products/26_granded8e1.jpg]
[cdn.shopify.com/s/files/1/0012/3011/0804/products/25_mediumd8e1.jpg]
[waffy-demo.myshopify.com/products/pippali-pepper.oembed]
[cdn.shopify.com/s/files/1/0012/3011/0804/products/26d8e1.jpg]
[cdn.shopify.com/s/files/1/0012/3011/0804/products/26_mediumd8e1.jpg]
[cdn.shopify.com/s/files/1/0012/3011/0804/products/25_larged8e1.jpg]
[cdn.shopify.com/s/files/1/0012/3011/0804/products/26_larged8e1.jpg]
[waffy-demo.myshopify.com/products/pippali-pepper.html]
[cdn.shopify.com/s/files/1/0012/3011/0804/products/27_grande66f7.jpg]
[cdn.shopify.com/s/files/1/0012/3011/0804/products/28_grande66f7.jpg]
[waffy-demo.myshopify.com/products/red-paprika.oembed]
[waffy-demo.myshopify.com/products/red-paprika.html]
[waffy-demo.myshopify.com/products/coriander-1-kg.html]
[waffy-demo.myshopify.com/products/coriander-1-kg.oembed]
[waffy-demo.myshopify.com/products/black-cardamom.html]
[waffy-demo.myshopify.com/products/black-cardamom.oembed]
[waffy-demo.myshopify.com/products/dill-seeds-250-gm.oembed]
[waffy-demo.myshopify.com/products/dill-seeds-250-gm.html]
[waffy-demo.myshopify.com/products/sesame-seeds.oembed]
[waffy-demo.myshopify.com/products/sesame-seeds.html]
[waffy-demo.myshopify.com/collections/all.atom]
[waffy-demo.myshopify.com/collections/all4658.html]
[waffy-demo.myshopify.com/collections/black-mustard]
[waffy-demo.myshopify.com/collections/black-sesame-seeds]
[waffy-demo.myshopify.com/products/cinnamon.html]
[waffy-demo.myshopify.com/collections/cinnamon.23b.delayed]
[waffy-demo.myshopify.com/collections/cubeb-pepper]
[waffy-demo.myshopify.com/collections/dried-ginger]
[waffy-demo.myshopify.com/collections/fenugreek-dal]
[waffy-demo.myshopify.com/collections/green-peppercorn]
[waffy-demo.myshopify.com/collections/star-anise-250-gm]
[waffy-demo.myshopify.com/collections/all.html]
[waffy-demo.myshopify.com/collections/roaster-seeds.atom]
[waffy-demo.myshopify.com/collections/roaster-seeds.oembed]
[waffy-demo.myshopify.com/collections/roaster-seeds.html]
[waffy-demo.myshopify.com/collections/dried-masalas.atom]
[waffy-demo.myshopify.com/collections/dried-masalas.oembed]
[waffy-demo.myshopify.com/collections/dried-masalas.html]
[waffy-demo.myshopify.com/pages/POST]
[waffy-demo.myshopify.com/pages/about-us.html]
[waffy-demo.myshopify.com/pages/contact-us.html]
[waffy-demo.myshopify.com/blogs/news.atom]
[waffy-demo.myshopify.com/blogs/news4658.html]
[waffy-demo.myshopify.com/blogs/POST]
[waffy-demo.myshopify.com/blogs/news/tagged/container.html]
[waffy-demo.myshopify.com/blogs/news/tagged/flavour-masalas.html]
[waffy-demo.myshopify.com/blogs/news/tagged/garam.html]
[waffy-demo.myshopify.com/blogs/news/tagged/gorcery.html]
[waffy-demo.myshopify.com/blogs/news/tagged/masala-powder.html]
[waffy-demo.myshopify.com/blogs/news/tagged/masalas.html]
[waffy-demo.myshopify.com/blogs/news/tagged/spices.html]
[waffy-demo.myshopify.com/blogs/news/tagged/spicy.html]
[waffy-demo.myshopify.com/blogs/news.html]
[waffy-demo.myshopify.com/search.html]
[waffy-demo.myshopify.com/cart.html]
[waffy-demo.myshopify.com/blogs/news/tagged/spicy-herbs.html]
[waffy-demo.myshopify.com/account/POST]
[waffy-demo.myshopify.com/account/login.html]
[waffy-demo.myshopify.com/account/register.html]
[waffy-demo.myshopify.com/pages/wishlist.html]
[cdn.shopify.com/s/files/1/0012/3011/0804/t/5/assets/swiper8255.css]
[waffy-demo.myshopify.com/products/black-sesame-seeds.oembed]
[waffy-demo.myshopify.com/collections/roaster-seeds/products/POST]
[waffy-demo.myshopify.com/collections/roaster-seeds/products/black-sesame-seeds.html]
[waffy-demo.myshopify.com/black-sesame-seeds.html]
[waffy-demo.myshopify.com/collections/roaster-seeds/products/black-cardamom.html]
[waffy-demo.myshopify.com/black-cardamom.html]
[waffy-demo.myshopify.com/products/dried-ginger.oembed]
[waffy-demo.myshopify.com/collections/roaster-seeds/products/dried-ginger.html]
[waffy-demo.myshopify.com/dried-ginger.html]
[waffy-demo.myshopify.com/collections/roaster-seeds/products/cubeb-pepper.html]
[waffy-demo.myshopify.com/cubeb-pepper.html]
[waffy-demo.myshopify.com/collections/roaster-seeds/products/black-mustard.html]
[waffy-demo.myshopify.com/black-mustard.html]
[waffy-demo.myshopify.com/collections/roaster-seeds/products/barberry.html]
[waffy-demo.myshopify.com/barberry.html]
[waffy-demo.myshopify.com/products/cinnamon.oembed]
[waffy-demo.myshopify.com/collections/roaster-seeds/products/cinnamon.html]
[waffy-demo.myshopify.com/cinnamon.html]
[waffy-demo.myshopify.com/collections/roaster-seeds/products/dill-seeds-250-gm.html]
[waffy-demo.myshopify.com/dill-seeds-250-gm.html]
[waffy-demo.myshopify.com/products/clove-250-gm.oembed]
[waffy-demo.myshopify.com/collections/roaster-seeds/products/clove-250-gm.html]
[waffy-demo.myshopify.com/clove-250-gm.html]
[waffy-demo.myshopify.com/collections/roaster-seeds/products/coriander-1-kg.html]
[waffy-demo.myshopify.com/coriander-1-kg.html]
[waffy-demo.myshopify.com/collections/roaster-seeds/products/cardamom.html]
[waffy-demo.myshopify.com/cardamom.html]
[waffy-demo.myshopify.com/products/dried-rosemary.oembed]
[waffy-demo.myshopify.com/collections/roaster-seeds/products/dried-rosemary.html]
[waffy-demo.myshopify.com/dried-rosemary.html]
[waffy-demo.myshopify.com/collections/medicine-seeds/products/POST]
[waffy-demo.myshopify.com/collections/medicine-seeds/products/pippali-pepper.html]
[waffy-demo.myshopify.com/pippali-pepper.html]
[waffy-demo.myshopify.com/products/rosehip-berries.oembed]
[waffy-demo.myshopify.com/collections/medicine-seeds/products/rosehip-berries.html]
[waffy-demo.myshopify.com/rosehip-berries.html]
[waffy-demo.myshopify.com/products/red-chilli-pepper.oembed]
[waffy-demo.myshopify.com/collections/medicine-seeds/products/red-chilli-pepper.html]
[waffy-demo.myshopify.com/red-chilli-pepper.html]
[waffy-demo.myshopify.com/products/star-anise-250-gm.oembed]
[waffy-demo.myshopify.com/collections/medicine-seeds/products/star-anise-250-gm.html]
[waffy-demo.myshopify.com/star-anise-250-gm.html]
[waffy-demo.myshopify.com/collections/medicine-seeds/products/green-peppercorn.html]
[waffy-demo.myshopify.com/green-peppercorn.html]
[waffy-demo.myshopify.com/collections/medicine-seeds/products/saffron-500-gm.html]
[waffy-demo.myshopify.com/saffron-500-gm.html]
[waffy-demo.myshopify.com/collections/medicine-seeds/products/black-sesame-seeds.html]
[waffy-demo.myshopify.com/products/fennel-seeds.oembed]
[waffy-demo.myshopify.com/collections/medicine-seeds/products/fennel-seeds.html]
[waffy-demo.myshopify.com/fennel-seeds.html]
[waffy-demo.myshopify.com/collections/medicine-seeds/products/cubeb-pepper.html]
[waffy-demo.myshopify.com/collections/medicine-seeds/products/black-mustard.html]
[waffy-demo.myshopify.com/collections/medicine-seeds/products/white-mustard-1-kg.html]
[waffy-demo.myshopify.com/white-mustard-1-kg.html]
[waffy-demo.myshopify.com/collections/medicine-seeds/products/barberry.html]
[waffy-demo.myshopify.com/collections/medicine-seeds/products/fenugreek-dal.html]
[waffy-demo.myshopify.com/fenugreek-dal.html]
[waffy-demo.myshopify.com/collections/medicine-seeds/products/pimento-250-gm.html]
[waffy-demo.myshopify.com/pimento-250-gm.html]
[waffy-demo.myshopify.com/products/nutmeg-250-gm.oembed]
[waffy-demo.myshopify.com/collections/medicine-seeds/products/nutmeg-250-gm.html]
[waffy-demo.myshopify.com/nutmeg-250-gm.html]
[waffy-demo.myshopify.com/collections/medicine-seeds/products/sesame-seeds.html]
[waffy-demo.myshopify.com/sesame-seeds.html]
[waffy-demo.myshopify.com/collections/medicine-seeds/products/red-paprika.html]
[waffy-demo.myshopify.com/red-paprika.html]
[waffy-demo.myshopify.com/collections/medicine-seeds/products/dill-seeds-250-gm.html]
[waffy-demo.myshopify.com/collections/medicine-seeds/products/coriander-1-kg.html]
[waffy-demo.myshopify.com/products/rosehip-berries.html]
[waffy-demo.myshopify.com/facebook.html]
[waffy-demo.myshopify.com/Twitter.html]
[waffy-demo.myshopify.com/Google Plus.html]
[waffy-demo.myshopify.com/Instagram.html]
[waffy-demo.myshopify.com/blogs/news/POST]
[waffy-demo.myshopify.com/blogs/news/black-pepper-powder.html]
[waffy-demo.myshopify.com/blogs/news/the-full-piece-of-cardamom.html]
[waffy-demo.myshopify.com/blogs/news/various-spices-powder.html]
[waffy-demo.myshopify.com/blogs/news/collection-of-gorcery-items.html]
[waffy-demo.myshopify.com/blogs/news/usual-three-flavour-masalas.html]
[waffy-demo.myshopify.com/blogs/news/glass-container-for-masalas.html]
[waffy-demo.myshopify.com/blogs/news/herbal-chat-garam.html]
[waffy-demo.myshopify.com/blogs/news/set-of-spicy-masalas.html]
[waffy-demo.myshopify.com/blogs/news/tablespoon-of-masalas.html]
[waffy-demo.myshopify.com/blogs/news/the-set-of-flavour-masalas.html]
[waffy-demo.myshopify.com/pages/faqs.html]
[waffy-demo.myshopify.com/pages/shipping-details.html]
[cdn.shopify.com/s/files/1/0012/3011/0804/t/5/assets/ico-selectf30c.svg]
[cdn.shopify.com/s/files/1/0012/3011/0804/t/5/assets/iconsd973.html]
[cdn.shopify.com/s/files/1/0012/3011/0804/t/5/assets/iconsd973-2.html]
[cdn.shopify.com/s/files/1/0012/3011/0804/t/5/assets/iconsd973-3.html]
[cdn.shopify.com/s/files/1/0012/3011/0804/t/5/assets/icons0672.svg]
[cdn.shopify.com/s/files/1/0012/3011/0804/t/5/assets/contact_bg_imgd973.html]
[cdn.shopify.com/s/files/1/0012/3011/0804/t/5/assets/owl.video.play.html]
[cdn.shopify.com/s/files/1/0012/3011/0804/t/5/assets/fancybox-x.html]
[cdn.shopify.com/s/files/1/0012/3011/0804/t/5/assets/Preloader_2f0dd.html]
[cdn.shopify.com/s/files/1/0012/3011/0804/t/5/assets/ajax-loaderf0dd.html]
[cdn.shopify.com/s/files/1/0012/3011/0804/t/5/assets/slick.svg]
[cdn.shopify.com/s/files/1/0012/3011/0804/t/5/assets/slick.scss4413.css]
[cdn.shopify.com/s/files/1/0012/3011/0804/t/5/assets/slick-slidere6ea.css]
[cdn.shopify.com/s/files/1/0012/3011/0804/t/5/assets/fa-brands-400.svg]
[cdn.shopify.com/s/files/1/0012/3011/0804/t/5/assets/fa-regular-400.svg]
[cdn.shopify.com/s/files/1/0012/3011/0804/t/5/assets/fa-solid-900.html]
[waffy-demo.myshopify.com/collections/medicine-seeds.atom]
[waffy-demo.myshopify.com/collections/medicine-seeds.html]
[waffy-demo.myshopify.com/collections/POST.html]
[cdn.shopify.com/s/files/1/0012/3011/0804/t/5/compiled_assets/styles6d9c.css]
[waffy-demo.myshopify.com/collections/medicine-seeds.oembed]
[waffy-demo.myshopify.com/collections/spicy-seeds/products/POST]
[waffy-demo.myshopify.com/collections/spicy-seeds/products/saffron-500-gm.html]
[waffy-demo.myshopify.com/collections/spicy-seeds/products/pippali-pepper.html]
[waffy-demo.myshopify.com/collections/spicy-seeds/products/rosehip-berries.html]
[waffy-demo.myshopify.com/collections/spicy-seeds/products/red-chilli-pepper.html]
[waffy-demo.myshopify.com/products/star-anise-250-gm.html]
[waffy-demo.myshopify.com/products/black-sesame-seeds.html]
[waffy-demo.myshopify.com/collections/spicy-seeds/products/fennel-seeds.html]
[waffy-demo.myshopify.com/collections/spicy-seeds/products/white-mustard-1-kg.html]
[waffy-demo.myshopify.com/collections/spicy-seeds/products/barberry.html]
[waffy-demo.myshopify.com/collections/spicy-seeds/products/pimento-250-gm.html]
[waffy-demo.myshopify.com/collections/spicy-seeds/products/nutmeg-250-gm.html]
[waffy-demo.myshopify.com/collections/spicy-seeds/products/sesame-seeds.html]
[waffy-demo.myshopify.com/collections/spicy-seeds/products/red-paprika.html]
[waffy-demo.myshopify.com/collections/spicy-seeds/products/dill-seeds-250-gm.html]
[waffy-demo.myshopify.com/collections/spicy-seeds/products/coriander-1-kg.html]
[waffy-demo.myshopify.com/collections/grid.html]
[waffy-demo.myshopify.com/collections/list.html]
[waffy-demo.myshopify.com/collections/manual.html]
[waffy-demo.myshopify.com/collections/price-ascending.html]
[waffy-demo.myshopify.com/collections/price-descending.html]
[waffy-demo.myshopify.com/collections/title-ascending.html]
[waffy-demo.myshopify.com/collections/title-descending.html]
[waffy-demo.myshopify.com/collections/created-ascending.html]
[waffy-demo.myshopify.com/collections/created-descending.html]
[waffy-demo.myshopify.com/collections/best-selling.html]
[waffy-demo.myshopify.com/collections/rosehip-berries.html]
[waffy-demo.myshopify.com/collections/fennel-seeds.html]
[waffy-demo.myshopify.com/collections/spicy-seeds/products/black-cardamom.html]
[waffy-demo.myshopify.com/collections/black-cardamom.html]
[waffy-demo.myshopify.com/collections/red-chilli-pepper.html]
[waffy-demo.myshopify.com/collections/spicy-seeds/products/cardamom.html]
[waffy-demo.myshopify.com/collections/cardamom.html]
[waffy-demo.myshopify.com/collections/white-mustard-1-kg.html]
[waffy-demo.myshopify.com/collections/pimento-250-gm.html]
[waffy-demo.myshopify.com/collections/pippali-pepper.html]
[waffy-demo.myshopify.com/collections/nutmeg-250-gm.html]
[waffy-demo.myshopify.com/collections/barberry.html]
[waffy-demo.myshopify.com/collections/saffron-500-gm.html]
[waffy-demo.myshopify.com/collections/sesame-seeds.html]
[waffy-demo.myshopify.com/collections/red-paprika.html]
[waffy-demo.myshopify.com/collections/dill-seeds-250-gm.html]
[waffy-demo.myshopify.com/collections/spicy-seeds/products/clove-250-gm.html]
[waffy-demo.myshopify.com/collections/clove-250-gm.html]
[waffy-demo.myshopify.com/collections/coriander-1-kg.html]
[waffy-demo.myshopify.com/collections/spicy-seeds/products/dried-rosemary.html]
[waffy-demo.myshopify.com/collections/dried-rosemary.html]
[waffy-demo.myshopify.com/products/POST.html]
[waffy-demo.myshopify.com/products/fennel-seeds.html]
[waffy-demo.myshopify.com/products/red-chilli-pepper.html]
[waffy-demo.myshopify.com/products/dried-ginger.html]
[waffy-demo.myshopify.com/products/nutmeg-250-gm.html]
[waffy-demo.myshopify.com/products/index.html]
[cdn.shopify.com/s/files/1/0012/3011/0804/t/5/assets/jquery.fancybox.minfa4d.css]
[waffy-demo.myshopify.com/collections/dried-masalas/products/POST]
[waffy-demo.myshopify.com/collections/dried-masalas/products/dried-ginger.html]
[waffy-demo.myshopify.com/collections/dried-masalas/products/pimento-250-gm.html]
[waffy-demo.myshopify.com/collections/dried-masalas/products/nutmeg-250-gm.html]
[waffy-demo.myshopify.com/collections/dried-masalas/products/black-cardamom.html]
[waffy-demo.myshopify.com/collections/dried-masalas/products/red-chilli-pepper.html]
[waffy-demo.myshopify.com/collections/dried-masalas/products/white-mustard-1-kg.html]
[waffy-demo.myshopify.com/collections/dried-masalas/products/saffron-500-gm.html]
[waffy-demo.myshopify.com/collections/dried-masalas/products/pippali-pepper.html]
[waffy-demo.myshopify.com/collections/dried-masalas/products/black-sesame-seeds.html]
[waffy-demo.myshopify.com/collections/dried-masalas/products/red-paprika.html]
[waffy-demo.myshopify.com/collections/dried-masalas/products/clove-250-gm.html]
[waffy-demo.myshopify.com/products/clove-250-gm.html]
[waffy-demo.myshopify.com/collections/dried-masalas/products/star-anise-250-gm.html]
[waffy-demo.myshopify.com/collections/dried-masalas/products/coriander-1-kg.html]
[waffy-demo.myshopify.com/collections/dried-masalas/products/cardamom.html]
[waffy-demo.myshopify.com/collections/dried-masalas/products/dried-rosemary.html]
[waffy-demo.myshopify.com/products/dried-rosemary.html]
[waffy-demo.myshopify.com/collections/dried-masalas/products/cubeb-pepper.html]
[waffy-demo.myshopify.com/collections/all2679.html]
[waffy-demo.myshopify.com/collections/all4658.html]
[waffy-demo.myshopify.com/collections/black-mustard.html]
[waffy-demo.myshopify.com/collections/black-sesame-seeds.html]
[waffy-demo.myshopify.com/products/cinnamon.html]
[waffy-demo.myshopify.com/collections/cinnamon.html]
[waffy-demo.myshopify.com/collections/cubeb-pepper.html]
[waffy-demo.myshopify.com/collections/dried-ginger.html]
[waffy-demo.myshopify.com/collections/fenugreek-dal.html]
[waffy-demo.myshopify.com/collections/green-peppercorn.html]
[waffy-demo.myshopify.com/collections/star-anise-250-gm.html]
[waffy-demo.myshopify.com/pages/POST.html]
[waffy-demo.myshopify.com/blogs/news4658.html]
[waffy-demo.myshopify.com/blogs/POST.html]
[waffy-demo.myshopify.com/blogs/news2679.html]
[waffy-demo.myshopify.com/blogs/news/tagged/container.atom]
[waffy-demo.myshopify.com/blogs/news/tagged/POST]
[waffy-demo.myshopify.com/blogs/news/tagged/container.html]
[waffy-demo.myshopify.com/blogs/news/tagged/flavour-masalas.html]
[waffy-demo.myshopify.com/blogs/news/tagged/flavour-masalas.atom]
[waffy-demo.myshopify.com/blogs/news/tagged/garam.html]
[waffy-demo.myshopify.com/blogs/news/tagged/garam.atom]
[waffy-demo.myshopify.com/blogs/news/tagged/gorcery.html]
[waffy-demo.myshopify.com/blogs/news/tagged/gorcery.atom]
[waffy-demo.myshopify.com/blogs/news/tagged/masala-powder.html]
[waffy-demo.myshopify.com/blogs/news/tagged/masala-powder.atom]
[waffy-demo.myshopify.com/blogs/news/tagged/masalas.html]
[waffy-demo.myshopify.com/blogs/news/tagged/masalas.atom]
[waffy-demo.myshopify.com/blogs/news/tagged/spices.html]
[waffy-demo.myshopify.com/blogs/news/tagged/spices.atom]
[waffy-demo.myshopify.com/blogs/news/tagged/spicy.html]
[waffy-demo.myshopify.com/blogs/news/tagged/spicy.atom]
[waffy-demo.myshopify.com/blogs/news/tagged/spicy-herbs.html]
[waffy-demo.myshopify.com/account/POST.html]
[waffy-demo.myshopify.com/collections/roaster-seeds/products/POST.html]
[waffy-demo.myshopify.com/blogs/news/tagged/spicy-herbs.atom]
[waffy-demo.myshopify.com/collections/medicine-seeds/products/POST.html]
[waffy-demo.myshopify.com/blogs/news/POST.html]
[pinterest.com/pin/create/button/index432c.html]
[pinterest.com/pin/create/button/indexad15.html]
[pinterest.com/pin/create/button/index6a1f.html]
[pinterest.com/pin/create/button/index8b6d.html]
[pinterest.com/pin/create/button/index85e4.html]
[pinterest.com/pin/create/button/indexe266.html]
[pinterest.com/pin/create/button/indexe764.html]
[pinterest.com/pin/create/button/index1ea5.html]
[pinterest.com/pin/create/button/indexfcca.html]
[pinterest.com/pin/create/button/index2754.html]
[waffy-demo.myshopify.com/collections/spicy-seeds/products/POST.html]
[waffy-demo.myshopify.com/collections/dried-masalas/products/POST.html]
[waffy-demo.myshopify.com/collections/all2679.html]
[waffy-demo.myshopify.com/blogs/news2679.html]
[waffy-demo.myshopify.com/blogs/news/tagged/POST.html]
[pinterest.com/pin/create/button/index167d.html]
[pinterest.com/pin/create/button/index7527.html]
[pinterest.com/pin/create/button/index3ea3.html]
[pinterest.com/pin/create/button/indexa710.html]
[pinterest.com/pin/create/button/indexd133.html]
[pinterest.com/pin/create/button/indexb399.html]
[pinterest.com/pin/create/button/index3d67.html]
[pinterest.com/pin/create/button/indexee28.html]
[pinterest.com/pin/create/button/indexe017.html]
[pinterest.com/pin/create/button/index0660.html]
[cdn.shopify.com/s/files/1/0012/3011/0804/products/26d8e1.jpg]
[cdn.shopify.com/s/files/1/0012/3011/0804/products/28_grande66f7.jpg]
[cdn.shopify.com/s/files/1/0012/3011/0804/products/27_medium66f7.jpg]
[cdn.shopify.com/s/files/1/0012/3011/0804/products/2866f7.jpg]
[cdn.shopify.com/s/files/1/0012/3011/0804/products/28_medium66f7.jpg]
[cdn.shopify.com/s/files/1/0012/3011/0804/products/27_large66f7.jpg]
[cdn.shopify.com/s/files/1/0012/3011/0804/products/28_large66f7.jpg]
[cdn.shopify.com/s/files/1/0012/3011/0804/products/7_grande499d.jpg]
[cdn.shopify.com/s/files/1/0012/3011/0804/products/8_grandeaab5.jpg]
[cdn.shopify.com/s/files/1/0012/3011/0804/products/7_medium499d.jpg]
[cdn.shopify.com/s/files/1/0012/3011/0804/products/8aab5.jpg]
[cdn.shopify.com/s/files/1/0012/3011/0804/products/8_mediumaab5.jpg]
[cdn.shopify.com/s/files/1/0012/3011/0804/products/7_large499d.jpg]
[cdn.shopify.com/s/files/1/0012/3011/0804/products/8_largeaab5.jpg]
[cdn.shopify.com/s/files/1/0012/3011/0804/products/9_grandeae73.jpg]
[cdn.shopify.com/s/files/1/0012/3011/0804/products/10_granded824.jpg]
[cdn.shopify.com/s/files/1/0012/3011/0804/products/9_mediumae73.jpg]
[cdn.shopify.com/s/files/1/0012/3011/0804/products/10d824.jpg]
[cdn.shopify.com/s/files/1/0012/3011/0804/products/10_mediumd824.jpg]
[cdn.shopify.com/s/files/1/0012/3011/0804/products/9_largeae73.jpg]
[cdn.shopify.com/s/files/1/0012/3011/0804/products/10_larged824.jpg]
[cdn.shopify.com/s/files/1/0012/3011/0804/products/15_grande3e90.jpg]
[cdn.shopify.com/s/files/1/0012/3011/0804/products/16_grande3e90.jpg]
[cdn.shopify.com/s/files/1/0012/3011/0804/products/15_medium3e90.jpg]
[cdn.shopify.com/s/files/1/0012/3011/0804/products/163e90.jpg]
[cdn.shopify.com/s/files/1/0012/3011/0804/products/16_medium3e90.jpg]
[cdn.shopify.com/s/files/1/0012/3011/0804/products/15_large3e90.jpg]
[cdn.shopify.com/s/files/1/0012/3011/0804/products/16_large3e90.jpg]
[cdn.shopify.com/s/files/1/0012/3011/0804/products/35_grande7476.jpg]
[cdn.shopify.com/s/files/1/0012/3011/0804/products/36_grande7476.jpg]
[cdn.shopify.com/s/files/1/0012/3011/0804/products/35_medium7476.jpg]
[cdn.shopify.com/s/files/1/0012/3011/0804/products/367476.jpg]
[cdn.shopify.com/s/files/1/0012/3011/0804/products/36_medium7476.jpg]
[cdn.shopify.com/s/files/1/0012/3011/0804/products/35_large7476.jpg]
[cdn.shopify.com/s/files/1/0012/3011/0804/products/36_large7476.jpg]
[cdn.shopify.com/s/files/1/0012/3011/0804/files/about1_768X3e2b.jpg]
[cdn.shopify.com/s/assets/no-image-2048-5e88c1b20e087fb7bbe9a3771824e743c244f437e4f8ba93bbf7b11b53f7824c.gif]
[cdn.shopify.com/s/files/1/0012/3011/0804/files/team-3_100X_ebcc3e86-8405-4bf3-a5ac-2f2a4f9d46c9_75x751cac.jpg]
[cdn.shopify.com/s/files/1/0012/3011/0804/files/team-2_100X_c886f6e3-07a5-4e98-978c-7e8266b29f9c_75x75dba6.jpg]
[cdn.shopify.com/s/files/1/0012/3011/0804/files/team-1_100X_d2949d9d-c6cc-4a4b-98ba-09fdf0515a95_75x7544f0.jpg]
[cdn.shopify.com/s/files/1/0012/3011/0804/files/clients_250x250e56d.png]
[cdn.shopify.com/s/files/1/0012/3011/0804/files/clients5_250x2500736.png]
[cdn.shopify.com/s/files/1/0012/3011/0804/files/clients1_250x250bf97.png]
[cdn.shopify.com/s/files/1/0012/3011/0804/files/clients2_250x2501147.png]
[cdn.shopify.com/s/files/1/0012/3011/0804/files/clients4_250x250505f.png]
[cdn.shopify.com/s/files/1/0012/3011/0804/t/5/assets/instagram0ed7.js]
[cdn.shopify.com/s/files/1/0012/3011/0804/products/434dce.jpg]
[cdn.shopify.com/s/global/search2b35.css]
[cdn.shopify.com/s/assets/themes_support/shopify_common-8ea6ac3faf357236a97f5de749df4da6e8436ca107bc3a4ee805cbf08bc47392.js]
[cdn.shopify.com/s/files/1/0012/3011/0804/products/40_grande010e.jpg]
[cdn.shopify.com/s/files/1/0012/3011/0804/products/17_f3f36934-9632-4581-89ec-324586f5c37c_grande4e98.jpg]
[cdn.shopify.com/s/files/1/0012/3011/0804/products/39_medium7522.jpg]
[cdn.shopify.com/s/files/1/0012/3011/0804/products/40010e.jpg]
[cdn.shopify.com/s/files/1/0012/3011/0804/products/40_medium010e.jpg]
[cdn.shopify.com/s/files/1/0012/3011/0804/products/17_f3f36934-9632-4581-89ec-324586f5c37c4e98.jpg]
[cdn.shopify.com/s/files/1/0012/3011/0804/products/17_f3f36934-9632-4581-89ec-324586f5c37c_medium4e98.jpg]
[cdn.shopify.com/s/files/1/0012/3011/0804/products/19_bdd10d71-ac3d-456b-8d6c-31d87fe62e45fc9f.jpg]
[cdn.shopify.com/s/files/1/0012/3011/0804/products/19_bdd10d71-ac3d-456b-8d6c-31d87fe62e45_mediumfc9f.jpg]
[cdn.shopify.com/s/files/1/0012/3011/0804/products/21_b7fd8b08-92ec-4046-9cd4-1faf3b766bfa12f8.jpg]
[cdn.shopify.com/s/files/1/0012/3011/0804/products/21_b7fd8b08-92ec-4046-9cd4-1faf3b766bfa_medium12f8.jpg]
[cdn.shopify.com/s/files/1/0012/3011/0804/products/13_a673159c-c864-4cb6-9f7f-e4498debca86f721.jpg]
[cdn.shopify.com/s/files/1/0012/3011/0804/products/13_a673159c-c864-4cb6-9f7f-e4498debca86_mediumf721.jpg]
[cdn.shopify.com/s/files/1/0012/3011/0804/products/15_2db1577d-020f-401c-9b84-4e18c1cb3916445d.jpg]
[cdn.shopify.com/s/files/1/0012/3011/0804/products/15_2db1577d-020f-401c-9b84-4e18c1cb3916_medium445d.jpg]
[cdn.shopify.com/s/files/1/0012/3011/0804/products/39_large7522.jpg]
[cdn.shopify.com/s/files/1/0012/3011/0804/products/40_large010e.jpg]
[cdn.shopify.com/s/files/1/0012/3011/0804/products/17_f3f36934-9632-4581-89ec-324586f5c37c_large4e98.jpg]
[cdn.shopify.com/s/files/1/0012/3011/0804/products/19_bdd10d71-ac3d-456b-8d6c-31d87fe62e45_largefc9f.jpg]
[cdn.shopify.com/s/files/1/0012/3011/0804/products/21_b7fd8b08-92ec-4046-9cd4-1faf3b766bfa_large12f8.jpg]
[cdn.shopify.com/s/files/1/0012/3011/0804/products/13_a673159c-c864-4cb6-9f7f-e4498debca86_largef721.jpg]
[cdn.shopify.com/s/files/1/0012/3011/0804/products/15_2db1577d-020f-401c-9b84-4e18c1cb3916_large445d.jpg]
[cdn.shopify.com/s/files/1/0012/3011/0804/products/9_219x280.progressive.jpg]
[cdn.shopify.com/s/files/1/0012/3011/0804/products/39_219x280.progressive.jpg]
[cdn.shopify.com/s/files/1/0012/3011/0804/products/43_219x280.progressive.jpg]
[cdn.shopify.com/s/files/1/0012/3011/0804/products/44_grande7b09.jpg]
[cdn.shopify.com/s/files/1/0012/3011/0804/products/43_medium4dce.jpg]
[cdn.shopify.com/s/files/1/0012/3011/0804/products/447b09.jpg]
[cdn.shopify.com/s/files/1/0012/3011/0804/products/44_medium7b09.jpg]
[cdn.shopify.com/s/files/1/0012/3011/0804/products/43_large4dce.jpg]
[cdn.shopify.com/s/files/1/0012/3011/0804/products/44_large7b09.jpg]
[cdn.shopify.com/s/files/1/0012/3011/0804/products/29_219x280.progressive.jpg]
[cdn.shopify.com/s/files/1/0012/3011/0804/products/21_219x280.progressive.jpg]
[cdn.shopify.com/s/files/1/0012/3011/0804/products/17_219x280.progressive.jpg]
[cdn.shopify.com/s/files/1/0012/3011/0804/products/23_219x280.progressive.jpg]
[cdn.shopify.com/s/files/1/0012/3011/0804/products/23_granded234.jpg]
[cdn.shopify.com/s/files/1/0012/3011/0804/products/24_granded234.jpg]
[cdn.shopify.com/s/files/1/0012/3011/0804/products/5_873d908f-66e7-4f1a-a0df-f382882c13ab_granded234.jpg]
[cdn.shopify.com/s/files/1/0012/3011/0804/products/23_mediumd234.jpg]
[cdn.shopify.com/s/files/1/0012/3011/0804/products/23d234.jpg]
[cdn.shopify.com/s/files/1/0012/3011/0804/products/24d234.jpg]
[cdn.shopify.com/s/files/1/0012/3011/0804/products/24_mediumd234.jpg]
[cdn.shopify.com/s/files/1/0012/3011/0804/products/5_873d908f-66e7-4f1a-a0df-f382882c13abd234.jpg]
[cdn.shopify.com/s/files/1/0012/3011/0804/products/5_873d908f-66e7-4f1a-a0df-f382882c13ab_mediumd234.jpg]
[cdn.shopify.com/s/files/1/0012/3011/0804/products/6_ad8bc550-761e-4825-b2f2-f4dfdcba3332d234.jpg]
[cdn.shopify.com/s/files/1/0012/3011/0804/products/6_ad8bc550-761e-4825-b2f2-f4dfdcba3332_mediumd234.jpg]
[cdn.shopify.com/s/files/1/0012/3011/0804/products/7_d04ebd29-0b89-495b-a3e2-d915399aa29dd234.jpg]
[cdn.shopify.com/s/files/1/0012/3011/0804/products/7_d04ebd29-0b89-495b-a3e2-d915399aa29d_mediumd234.jpg]
[cdn.shopify.com/s/files/1/0012/3011/0804/products/8_f044ce3d-9623-4527-aa70-7a1ab0fe6923d234.jpg]
[cdn.shopify.com/s/files/1/0012/3011/0804/products/8_f044ce3d-9623-4527-aa70-7a1ab0fe6923_mediumd234.jpg]
[cdn.shopify.com/s/files/1/0012/3011/0804/products/23_larged234.jpg]
[cdn.shopify.com/s/files/1/0012/3011/0804/products/24_larged234.jpg]
[cdn.shopify.com/s/files/1/0012/3011/0804/products/5_873d908f-66e7-4f1a-a0df-f382882c13ab_larged234.jpg]
[cdn.shopify.com/s/files/1/0012/3011/0804/products/6_ad8bc550-761e-4825-b2f2-f4dfdcba3332_larged234.jpg]
[cdn.shopify.com/s/files/1/0012/3011/0804/products/7_d04ebd29-0b89-495b-a3e2-d915399aa29d_larged234.jpg]
[cdn.shopify.com/s/files/1/0012/3011/0804/products/8_f044ce3d-9623-4527-aa70-7a1ab0fe6923_larged234.jpg]
[cdn.shopify.com/s/files/1/0012/3011/0804/products/15_219x280.progressive.jpg]
[cdn.shopify.com/s/files/1/0012/3011/0804/products/49_219x280.progressive.jpg]
[cdn.shopify.com/s/files/1/0012/3011/0804/products/49_grande56b6.jpg]
[cdn.shopify.com/s/files/1/0012/3011/0804/products/50_granded198.jpg]
[cdn.shopify.com/s/files/1/0012/3011/0804/products/49_medium56b6.jpg]
[cdn.shopify.com/s/files/1/0012/3011/0804/products/4956b6.jpg]
[cdn.shopify.com/s/files/1/0012/3011/0804/products/50d198.jpg]
[cdn.shopify.com/s/files/1/0012/3011/0804/products/50_mediumd198.jpg]
[cdn.shopify.com/s/files/1/0012/3011/0804/products/49_large56b6.jpg]
[cdn.shopify.com/s/files/1/0012/3011/0804/products/50_larged198.jpg]
[cdn.shopify.com/s/files/1/0012/3011/0804/products/7_219x280.progressive.jpg]
[cdn.shopify.com/s/files/1/0012/3011/0804/products/11_219x280.progressive.jpg]
[cdn.shopify.com/s/files/1/0012/3011/0804/products/47_219x280.progressive.jpg]
[cdn.shopify.com/s/files/1/0012/3011/0804/products/47_grande6f85.jpg]
[cdn.shopify.com/s/files/1/0012/3011/0804/products/48_grande4531.jpg]
[cdn.shopify.com/s/files/1/0012/3011/0804/products/47_medium6f85.jpg]
[cdn.shopify.com/s/files/1/0012/3011/0804/products/476f85.jpg]
[cdn.shopify.com/s/files/1/0012/3011/0804/products/484531.jpg]
[cdn.shopify.com/s/files/1/0012/3011/0804/products/48_medium4531.jpg]
[cdn.shopify.com/s/files/1/0012/3011/0804/products/47_large6f85.jpg]
[cdn.shopify.com/s/files/1/0012/3011/0804/products/48_large4531.jpg]
[cdn.shopify.com/s/files/1/0012/3011/0804/products/33_219x280.progressive.jpg]
[cdn.shopify.com/s/files/1/0012/3011/0804/products/34_grande4002.jpg]
[cdn.shopify.com/s/files/1/0012/3011/0804/products/33_medium2f1f.jpg]
[cdn.shopify.com/s/files/1/0012/3011/0804/products/344002.jpg]
[cdn.shopify.com/s/files/1/0012/3011/0804/products/34_medium4002.jpg]
[cdn.shopify.com/s/files/1/0012/3011/0804/products/33_large2f1f.jpg]
[cdn.shopify.com/s/files/1/0012/3011/0804/products/34_large4002.jpg]
[cdn.shopify.com/s/files/1/0012/3011/0804/products/25_219x280.progressive.jpg]
[cdn.shopify.com/s/files/1/0012/3011/0804/products/45_219x280.progressive.jpg]
[cdn.shopify.com/s/files/1/0012/3011/0804/products/45_grandeef1e.jpg]
[cdn.shopify.com/s/files/1/0012/3011/0804/products/46_grandeef1e.jpg]
[cdn.shopify.com/s/files/1/0012/3011/0804/products/45_mediumef1e.jpg]
[cdn.shopify.com/s/files/1/0012/3011/0804/products/46ef1e.jpg]
[cdn.shopify.com/s/files/1/0012/3011/0804/products/46_mediumef1e.jpg]
[cdn.shopify.com/s/files/1/0012/3011/0804/products/45_largeef1e.jpg]
[cdn.shopify.com/s/files/1/0012/3011/0804/products/46_largeef1e.jpg]
[cdn.shopify.com/s/files/1/0012/3011/0804/products/41_219x280.progressive.jpg]
[cdn.shopify.com/s/files/1/0012/3011/0804/products/41_grandedb30.jpg]
[cdn.shopify.com/s/files/1/0012/3011/0804/products/42_grandef350.jpg]
[cdn.shopify.com/s/files/1/0012/3011/0804/products/41_mediumdb30.jpg]
[cdn.shopify.com/s/files/1/0012/3011/0804/products/42f350.jpg]
[cdn.shopify.com/s/files/1/0012/3011/0804/products/42_mediumf350.jpg]
[cdn.shopify.com/s/files/1/0012/3011/0804/products/41_largedb30.jpg]
[cdn.shopify.com/s/files/1/0012/3011/0804/products/42_largef350.jpg]
[cdn.shopify.com/s/files/1/0012/3011/0804/products/19_219x280.progressive.jpg]
[cdn.shopify.com/s/files/1/0012/3011/0804/products/3_219x280.progressive.jpg]
[cdn.shopify.com/s/files/1/0012/3011/0804/products/37_219x280.progressive.jpg]
[cdn.shopify.com/s/files/1/0012/3011/0804/products/37_grande30c6.jpg]
[cdn.shopify.com/s/files/1/0012/3011/0804/products/38_grande5646.jpg]
[cdn.shopify.com/s/files/1/0012/3011/0804/products/37_medium30c6.jpg]
[cdn.shopify.com/s/files/1/0012/3011/0804/products/385646.jpg]
[cdn.shopify.com/s/files/1/0012/3011/0804/products/38_medium5646.jpg]
[cdn.shopify.com/s/files/1/0012/3011/0804/products/37_large30c6.jpg]
[cdn.shopify.com/s/files/1/0012/3011/0804/products/38_large5646.jpg]
[cdn.shopify.com/s/files/1/0012/3011/0804/products/13_219x280.progressive.jpg]
[cdn.shopify.com/s/files/1/0012/3011/0804/products/1_219x280.progressive.jpg]
[cdn.shopify.com/s/files/1/0012/3011/0804/products/5_219x280.progressive.jpg]
[cdn.shopify.com/s/files/1/0012/3011/0804/products/31_219x280.progressive.jpg]
[cdn.shopify.com/s/files/1/0012/3011/0804/products/31_grande8fff.jpg]
[cdn.shopify.com/s/files/1/0012/3011/0804/products/32_grande8fff.jpg]
[cdn.shopify.com/s/files/1/0012/3011/0804/products/31_medium8fff.jpg]
[cdn.shopify.com/s/files/1/0012/3011/0804/products/328fff.jpg]
[cdn.shopify.com/s/files/1/0012/3011/0804/products/32_medium8fff.jpg]
[cdn.shopify.com/s/files/1/0012/3011/0804/products/31_large8fff.jpg]
[cdn.shopify.com/s/files/1/0012/3011/0804/products/32_large8fff.jpg]
[cdn.shopify.com/s/files/1/0012/3011/0804/products/35_219x280.progressive.jpg]
[cdn.shopify.com/s/files/1/0012/3011/0804/products/27_219x280.progressive.jpg]
[cdn.shopify.com/s/files/1/0012/3011/0804/articles/10_grande7090.jpg]
[cdn.shopify.com/s/files/1/0012/3011/0804/articles/9_grandeb8ea.jpg]
[cdn.shopify.com/s/files/1/0012/3011/0804/articles/8_grande8bdc.jpg]
[cdn.shopify.com/s/files/1/0012/3011/0804/articles/7_grande955c.jpg]
[cdn.shopify.com/s/files/1/0012/3011/0804/articles/6_grande0686.jpg]
[cdn.shopify.com/s/files/1/0012/3011/0804/articles/5_grande41d3.jpg]
[cdn.shopify.com/s/files/1/0012/3011/0804/articles/3_1e880a5c-f8c3-408f-93cc-fb61191130d6_grande12d3.jpg]
[cdn.shopify.com/s/files/1/0012/3011/0804/articles/2_grandef964.jpg]
[cdn.shopify.com/s/files/1/0012/3011/0804/articles/1_96b63944-b272-4fe4-b6c6-cad1165ab88b_grande6683.jpg]
[cdn.shopify.com/s/files/1/0012/3011/0804/articles/4_grandecbdf.jpg]
